// Jest Snapshot v1, https://goo.gl/fbAQLP

exports[`nav.melody.twig 1`] = `
<ul id="nav">
    {% nav entry in entries %}
        <li>
            <a href="{{ entry.url }}">{{ entry.title }}</a>
            {% ifchildren %}
                <ul>
                    {% children %}
                </ul>
            {% endifchildren %}
        </li>
    {% endnav %}
</ul>

{%- nav entry in entries -%}
        
{%- endnav -%}
~~~~~~~~~~~~~~~~~~~~~~~~~~~~~~~~~~~~~~~~~~~~~~~~~~~~~~~~~~~~~~~~~~~~~~~~~~~~~~~~
<ul id="nav">
    {% nav entry in entries %}
        <li>
            <a href="{{ entry.url }}">{{ entry.title }}</a>
            ifchildren
        </li>
    {% endnav %}
</ul>

{%- nav entry in entries -%}

{%- endnav -%}

`;
